// Jest Snapshot v1, https://goo.gl/fbAQLP

exports[`TabBar renders a list of tabs 1`] = `
<div
  className="tabbar"
>
  <div
    className="tabbar-nav tabbar-nav--disabled"
    data-side="previous"
    onClick={[Function]}
  >
    &lt;
  </div>
  <div
    className="tabbar-tabs"
  >
    <div
      className="tabbar-tab title-m tabbar-tab--selected"
      data-index={0}
      onClick={[Function]}
    >
      First
    </div>
    <div
      className="tabbar-tab title-m"
      data-index={1}
      onClick={[Function]}
    >
      Second
    </div>
    <div
      className="tabbar-tab title-m"
      data-index={2}
      onClick={[Function]}
    >
      Third
    </div>
  </div>
  <div
    className="tabbar-nav tabbar-nav--disabled"
    data-side="next"
    onClick={[Function]}
  >
    &gt;
  </div>
</div>
`;

exports[`TabBar renders a list of tabs with a selected tab 1`] = `
<div
  className="tabbar"
>
  <div
    className="tabbar-nav tabbar-nav--disabled"
    data-side="previous"
    onClick={[Function]}
  >
    &lt;
  </div>
  <div
    className="tabbar-tabs"
  >
    <div
      className="tabbar-tab title-m"
      data-index={0}
      onClick={[Function]}
    >
      First
    </div>
    <div
      className="tabbar-tab title-m tabbar-tab--selected"
      data-index={1}
      onClick={[Function]}
    >
      Second
    </div>
    <div
      className="tabbar-tab title-m"
      data-index={2}
      onClick={[Function]}
    >
      Third
    </div>
  </div>
  <div
    className="tabbar-nav tabbar-nav--disabled"
    data-side="next"
    onClick={[Function]}
  >
    &gt;
  </div>
</div>
`;
