// Jest Snapshot v1, https://goo.gl/fbAQLP

exports[`TabBar renders a list of tabs 1`] = `
<div
  className="tabbar"
>
  <div
    className="tabbar-nav tabbar-nav--disabled"
    data-side="previous"
    onClick={[Function]}
  >
    <div
      className="text s semibold"
    >
      &lt;
    </div>
  </div>
  <div
    className="tabbar-tabs"
  >
    <div
      className="tab tab--selected"
      onClick={[Function]}
    >
      <div
        className="text m semibold hideoverflow"
      >
        First
      </div>
    </div>
    <div
      className="tab"
      onClick={[Function]}
    >
      <div
        className="text m semibold hideoverflow"
      >
        Second
      </div>
    </div>
    <div
      className="tab"
      onClick={[Function]}
    >
      <div
        className="text m semibold hideoverflow"
      >
        Third
      </div>
    </div>
  </div>
  <div
    className="tabbar-nav tabbar-nav--disabled"
    data-side="next"
    onClick={[Function]}
  >
    <div
      className="text s semibold"
    >
      &gt;
    </div>
  </div>
</div>
`;

exports[`TabBar renders a list of tabs with a selected tab 1`] = `
<div
  className="tabbar"
>
  <div
    className="tabbar-nav tabbar-nav--disabled"
    data-side="previous"
    onClick={[Function]}
  >
    <div
      className="text s semibold"
    >
      &lt;
    </div>
  </div>
  <div
    className="tabbar-tabs"
  >
    <div
      className="tab"
      onClick={[Function]}
    >
      <div
        className="text m semibold hideoverflow"
      >
        First
      </div>
    </div>
    <div
      className="tab tab--selected"
      onClick={[Function]}
    >
      <div
        className="text m semibold hideoverflow"
      >
        Second
      </div>
    </div>
    <div
      className="tab"
      onClick={[Function]}
    >
      <div
        className="text m semibold hideoverflow"
      >
        Third
      </div>
    </div>
  </div>
  <div
    className="tabbar-nav tabbar-nav--disabled"
    data-side="next"
    onClick={[Function]}
  >
    <div
      className="text s semibold"
    >
      &gt;
    </div>
  </div>
</div>
`;
