// Jest Snapshot v1, https://goo.gl/fbAQLP

exports[`Aside renders the aside component 1`] = `
<aside
  className="aside"
>
  <div
    className="css-1uaiame"
  >
    <div
      className="aside-mainlinks"
    >
      <ul>
        <li>
          <a
            aria-current="page"
            className="mainlink mainlink--active"
            href="/"
            onClick={[Function]}
            style={Object {}}
          >
            <div
              className="css-1bwpiip"
            >
              <div
                className="text m regular"
              >
                Dashboard
              </div>
            </div>
          </a>
        </li>
        <li>
          <a
            aria-current={null}
            className="mainlink"
            href="/projects"
            onClick={[Function]}
          >
            <div
              className="css-1bwpiip"
            >
              <div
                className="text m regular"
              >
                Projects
              </div>
            </div>
          </a>
        </li>
      </ul>
    </div>
  </div>
</aside>
`;
