// Jest Snapshot v1, https://goo.gl/fbAQLP

exports[`Aside renders the aside component 1`] = `
<aside
  className="aside"
>
  <div
    style={
      Object {
        "paddingBottom": undefined,
        "paddingLeft": "16px",
        "paddingRight": "16px",
        "paddingTop": "32px",
      }
    }
  >
    <div
      className="aside-mainlinks"
    >
      <ul>
        <li>
          <a
            className="title-s"
            href="/"
            onClick={[Function]}
          >
            Dashboard
          </a>
        </li>
        <li>
          <a
            className="title-s"
            href="/projects"
            onClick={[Function]}
          >
            Projects
          </a>
        </li>
      </ul>
    </div>
    <div
      className="aside-additionallinks"
    >
      <ul>
        <li>
          <a
            className="caption-s"
            href="https://github.com/eclipse/sirius-components/issues"
            rel="noopener noreferrer"
            target="_blank"
          >
            Report an issue
          </a>
        </li>
        <li>
          <a
            className="caption-s"
            href="https://stackoverflow.com/questions/tagged/sirius"
            rel="noopener noreferrer"
            target="_blank"
          >
            Help
          </a>
        </li>
      </ul>
    </div>
  </div>
</aside>
`;
