// Jest Snapshot v1, https://goo.gl/fbAQLP

exports[`Aside renders the aside component 1`] = `
<aside
  className="aside"
>
  <div
    style={
      Object {
        "paddingBottom": undefined,
        "paddingLeft": "16px",
        "paddingRight": "16px",
        "paddingTop": "32px",
      }
    }
  >
    <div
      className="aside-mainlinks"
    >
      <ul>
        <li>
          <a
            aria-current="true"
            className="mainlink mainlink--active"
            href="/"
            onClick={[Function]}
            style={Object {}}
          >
            <div
              style={
                Object {
                  "paddingBottom": "8px",
                  "paddingLeft": "16px",
                  "paddingRight": "16px",
                  "paddingTop": "8px",
                }
              }
            >
              <div
                className="text m regular"
              >
                Dashboard
              </div>
            </div>
          </a>
        </li>
        <li>
          <a
            aria-current={false}
            className="mainlink"
            href="/projects"
            onClick={[Function]}
          >
            <div
              style={
                Object {
                  "paddingBottom": "8px",
                  "paddingLeft": "16px",
                  "paddingRight": "16px",
                  "paddingTop": "8px",
                }
              }
            >
              <div
                className="text m regular"
              >
                Projects
              </div>
            </div>
          </a>
        </li>
      </ul>
    </div>
  </div>
</aside>
`;
