// Jest Snapshot v1, https://goo.gl/fbAQLP

exports[`Navbar renders the navbar component 1`] = `
<nav
  className="navbar"
>
  <div
    className="css-1bwpiip"
  >
    <div
      className="navbar-container"
    >
      <div
        className="css-1vi0ksp"
      >
        <svg
          className="iconmenu"
          height="20"
          onClick={[Function]}
          width="20"
          xmlns="http://www.w3.org/2000/svg"
        >
          <rect
            height="2"
            width="20"
            x="0"
            y="3"
          />
          <rect
            height="2"
            width="20"
            x="0"
            y="9"
          />
          <rect
            height="2"
            width="20"
            x="0"
            y="15"
          />
        </svg>
      </div>
      <div
        className="navbar-title title-xxl"
      >
        <div
          className="text xxl bold"
        >
          Eclipse Sirius
        </div>
      </div>
    </div>
  </div>
</nav>
`;
