// Jest Snapshot v1, https://goo.gl/fbAQLP

exports[`Navbar renders the navbar component 1`] = `
<nav
  className="navbar"
>
  <div
    style={
      Object {
        "paddingBottom": "8px",
        "paddingLeft": "16px",
        "paddingRight": "16px",
        "paddingTop": "8px",
      }
    }
  >
    <div
      className="navbar-container"
    >
      <div
        className="navbar-title title-xxl"
      >
        <div
          className="text xxl bold"
        >
          Eclipse Sirius
        </div>
      </div>
    </div>
  </div>
</nav>
`;
