// Jest Snapshot v1, https://goo.gl/fbAQLP

exports[`BlankCard renders a blank card 1`] = `
<div
  className="card blankcard"
>
  <div
    style={
      Object {
        "paddingBottom": "32px",
        "paddingLeft": "32px",
        "paddingRight": "32px",
        "paddingTop": "32px",
      }
    }
  >
    <div
      className="blankcard-container"
    >
      <div
        style={
          Object {
            "paddingBottom": "16px",
            "paddingLeft": undefined,
            "paddingRight": undefined,
            "paddingTop": undefined,
          }
        }
      >
        <h1
          className="title-l"
        >
          Nothing to see here
        </h1>
      </div>
      <p>
        You should create new elements to see them here
      </p>
    </div>
  </div>
</div>
`;
