// Jest Snapshot v1, https://goo.gl/fbAQLP

exports[`BlankCard renders a blank card 1`] = `
<div
  className="card blankcard"
>
  <div
    className="css-1nc71gt"
  >
    <div
      className="blankcard-container"
    >
      <div
        className="css-ie0fxa"
      >
        <h1
          className="title-l"
        >
          Nothing to see here
        </h1>
      </div>
      <p>
        You should create new elements to see them here
      </p>
    </div>
  </div>
</div>
`;
