// Jest Snapshot v1, https://goo.gl/fbAQLP

exports[`WorkflowCard renders the workflow card 1`] = `
<div
  className="card workflowcard"
>
  <h2
    className="card-primarytitle title-l"
  >
    Workflow
  </h2>
  <div
    className="tabbar"
  >
    <div
      className="tabbar-nav tabbar-nav--disabled"
      data-side="previous"
      onClick={[Function]}
    >
      &lt;
    </div>
    <div
      className="tabbar-tabs"
    >
      <div
        className="tabbar-tab title-m tabbar-tab--selected"
        data-index={0}
        onClick={[Function]}
      >
        Test Page
      </div>
      <div
        className="tabbar-tab title-m"
        data-index={1}
        onClick={[Function]}
      >
        Test Page 1
      </div>
      <div
        className="tabbar-tab title-m"
        data-index={2}
        onClick={[Function]}
      >
        Test Page 2
      </div>
    </div>
    <div
      className="tabbar-nav"
      data-side="next"
      onClick={[Function]}
    >
      &gt;
    </div>
  </div>
  <div
    className="section"
  >
    <h3
      className="card-secondarytitle title-m"
    >
      Test Section
    </h3>
    <ul
      className="list list--highlighted"
    >
      <li
        className="tile tile--singleline"
      >
        <h4
          className="tile-maintext body-s"
        >
          Test Activity
        </h4>
        <div
          className="tile-additionalicon"
        >
          <svg
            className="iconrun"
            height="16"
            onClick={[Function]}
            width="16"
            xmlns="http://www.w3.org/2000/svg"
          >
            <polygon
              points="0,0 16,8 0,16"
            />
          </svg>
        </div>
      </li>
      <li
        className="tile tile--singleline"
      >
        <h4
          className="tile-maintext body-s"
        >
          Test Activity 1
        </h4>
        <div
          className="tile-additionalicon"
        >
          <svg
            className="iconrun"
            height="16"
            onClick={[Function]}
            width="16"
            xmlns="http://www.w3.org/2000/svg"
          >
            <polygon
              points="0,0 16,8 0,16"
            />
          </svg>
        </div>
      </li>
    </ul>
  </div>
  <div
    className="card-divider"
  />
  <div
    className="section"
  >
    <h3
      className="card-secondarytitle title-m"
    >
      Test Section 1
    </h3>
    <ul
      className="list list--highlighted"
    >
      <li
        className="tile tile--singleline"
      >
        <h4
          className="tile-maintext body-s"
        >
          Test Activity
        </h4>
        <div
          className="tile-additionalicon"
        >
          <svg
            className="iconrun"
            height="16"
            onClick={[Function]}
            width="16"
            xmlns="http://www.w3.org/2000/svg"
          >
            <polygon
              points="0,0 16,8 0,16"
            />
          </svg>
        </div>
      </li>
    </ul>
  </div>
</div>
`;
