// Jest Snapshot v1, https://goo.gl/fbAQLP

exports[`WorkflowCard renders the workflow card 1`] = `
<div
  className="card workflowcard"
>
  <div
    style={
      Object {
        "paddingBottom": "16px",
        "paddingLeft": "16px",
        "paddingRight": "16px",
        "paddingTop": "16px",
      }
    }
  >
    <div
      className="text l semibold hideoverflow"
    >
      Workflow
    </div>
  </div>
  <div
    className="tabbar"
  >
    <div
      className="tabbar-nav tabbar-nav--disabled"
      data-side="previous"
      onClick={[Function]}
    >
      <div
        className="text s semibold"
      >
        &lt;
      </div>
    </div>
    <div
      className="tabbar-tabs"
    >
      <div
        className="tab tab--selected"
        onClick={[Function]}
      >
        <div
          className="text m semibold hideoverflow"
        >
          Test Page
        </div>
      </div>
      <div
        className="tab"
        onClick={[Function]}
      >
        <div
          className="text m semibold hideoverflow"
        >
          Test Page 1
        </div>
      </div>
      <div
        className="tab"
        onClick={[Function]}
      >
        <div
          className="text m semibold hideoverflow"
        >
          Test Page 2
        </div>
      </div>
    </div>
    <div
      className="tabbar-nav"
      data-side="next"
      onClick={[Function]}
    >
      <div
        className="text s semibold"
      >
        &gt;
      </div>
    </div>
  </div>
  <div
    className="section"
  >
    <div
      style={
        Object {
          "paddingBottom": "16px",
          "paddingLeft": "16px",
          "paddingRight": "16px",
          "paddingTop": "16px",
        }
      }
    >
      <div
        className="text m semibold hideoverflow"
      >
        Test Section
      </div>
    </div>
    <ul
      className="list list--highlighted"
    >
      <div
        style={
          Object {
            "paddingBottom": "8px",
            "paddingLeft": undefined,
            "paddingRight": undefined,
            "paddingTop": "8px",
          }
        }
      >
        <li
          className="tile tile--singleline"
        >
          <div
            className="text s regular tile-maintext"
          >
            Test Activity
          </div>
          <div
            className="tile-additionalicon"
          >
            <svg
              className="iconrun"
              height="16"
              onClick={[Function]}
              width="16"
              xmlns="http://www.w3.org/2000/svg"
            >
              <polygon
                points="0,0 16,8 0,16"
              />
            </svg>
          </div>
        </li>
        <li
          className="tile tile--singleline"
        >
          <div
            className="text s regular tile-maintext"
          >
            Test Activity 1
          </div>
          <div
            className="tile-additionalicon"
          >
            <svg
              className="iconrun"
              height="16"
              onClick={[Function]}
              width="16"
              xmlns="http://www.w3.org/2000/svg"
            >
              <polygon
                points="0,0 16,8 0,16"
              />
            </svg>
          </div>
        </li>
      </div>
    </ul>
  </div>
  <div
    className="card-divider"
  />
  <div
    className="section"
  >
    <div
      style={
        Object {
          "paddingBottom": "16px",
          "paddingLeft": "16px",
          "paddingRight": "16px",
          "paddingTop": "16px",
        }
      }
    >
      <div
        className="text m semibold hideoverflow"
      >
        Test Section 1
      </div>
    </div>
    <ul
      className="list list--highlighted"
    >
      <div
        style={
          Object {
            "paddingBottom": "8px",
            "paddingLeft": undefined,
            "paddingRight": undefined,
            "paddingTop": "8px",
          }
        }
      >
        <li
          className="tile tile--singleline"
        >
          <div
            className="text s regular tile-maintext"
          >
            Test Activity
          </div>
          <div
            className="tile-additionalicon"
          >
            <svg
              className="iconrun"
              height="16"
              onClick={[Function]}
              width="16"
              xmlns="http://www.w3.org/2000/svg"
            >
              <polygon
                points="0,0 16,8 0,16"
              />
            </svg>
          </div>
        </li>
      </div>
    </ul>
  </div>
</div>
`;
